
> next-app@0.1.0 build
> next build

   Ôû▓ Next.js 15.1.0
   - Environments: .env.local

   Creating an optimized production build ...
 Ô£ô Compiled successfully
   Linting and checking validity of types ...
node.exe : 
En línea: 1 Carácter: 1
+ & "C:\nvm4w\nodejs/node.exe" 
"C:\nvm4w\nodejs/node_modules/npm/bin/np ...
+ ~~~~~~~~~~~~~~~~~~~~~~~~~~~~~~~~~~~~~~~~~~~~~~~~~~~~~
~~~~~~~~~~~~~~~~
    + CategoryInfo          : NotSpecified: (:String)  
   [], RemoteException
    + FullyQualifiedErrorId : NativeCommandError
 
Failed to compile.

./src/app/dashboard/agenda/pending/page.tsx
41:37  Error: Unexpected any. Specify a different 
type.  @typescript-eslint/no-explicit-any

./src/app/dashboard/clients/new/page.tsx
9:19  Error: The `{}` ("empty object") type allows any 
non-nullish value, including literals like `0` and 
`""`.
- If that's what you want, disable this lint rule with 
an inline comment or configure the 'allowObjectTypes' 
rule option.
- If you want a type meaning "any object", you 
probably want `object` instead.
- If you want a type meaning "any value", you probably 
want `unknown` instead.  
@typescript-eslint/no-empty-object-type
10:25  Error: The `{}` ("empty object") type allows 
any non-nullish value, including literals like `0` and 
`""`.
- If that's what you want, disable this lint rule with 
an inline comment or configure the 'allowObjectTypes' 
rule option.
- If you want a type meaning "any object", you 
probably want `object` instead.
- If you want a type meaning "any value", you probably 
want `unknown` instead.  
@typescript-eslint/no-empty-object-type
84:33  Error: Unexpected any. Specify a different 
type.  @typescript-eslint/no-explicit-any

./src/app/dashboard/lawyers/new/page.tsx
2:26  Warning: 'GraduationCap' is defined but never 
used.  @typescript-eslint/no-unused-vars

./src/app/dashboard/layout.tsx
3:32  Warning: 'Download' is defined but never used.  
@typescript-eslint/no-unused-vars
3:126  Warning: 'Calendar' is defined but never used.  
@typescript-eslint/no-unused-vars
16:7  Warning: Custom fonts not added in 
`pages/_document.js` will only load for a single page. 
This is discouraged. See: 
https://nextjs.org/docs/messages/no-page-custom-font  
@next/next/no-page-custom-font
187:111  Error: Unexpected any. Specify a different 
type.  @typescript-eslint/no-explicit-any

./src/app/dashboard/page.tsx
79:26  Error: 'FileText' is not defined.  
react/jsx-no-undef
84:85  Error: `"` can be escaped with `&quot;`, 
`&ldquo;`, `&#34;`, `&rdquo;`.  
react/no-unescaped-entities
84:100  Error: `"` can be escaped with `&quot;`, 
`&ldquo;`, `&#34;`, `&rdquo;`.  
react/no-unescaped-entities
132:59  Error: Unexpected any. Specify a different 
type.  @typescript-eslint/no-explicit-any
149:53  Error: Unexpected any. Specify a different 
type.  @typescript-eslint/no-explicit-any

./src/app/dashboard/pensioners/advanced/page.tsx
96:54  Error: Unexpected any. Specify a different 
type.  @typescript-eslint/no-explicit-any

./src/app/dashboard/pensioners/new/page.tsx
9:10  Warning: 'state' is assigned a value but never 
used.  @typescript-eslint/no-unused-vars
13:9  Warning: 'associations' is assigned a value but 
never used.  @typescript-eslint/no-unused-vars

./src/app/dashboard/processes/page.tsx
2:47  Warning: 'Gavel' is defined but never used.  
@typescript-eslint/no-unused-vars
2:54  Warning: 'User' is defined but never used.  
@typescript-eslint/no-unused-vars
77:36  Error: Unexpected any. Specify a different 
type.  @typescript-eslint/no-explicit-any

./src/app/dashboard/processes/[id]/edit/page.tsx
5:23  Warning: 'User' is defined but never used.  
@typescript-eslint/no-unused-vars
26:9  Warning: 'clientsList' is assigned a value but 
never used.  @typescript-eslint/no-unused-vars

./src/app/dashboard/processes/[id]/page.tsx
1:52  Warning: 'getDocumentTypes' is defined but never 
used.  @typescript-eslint/no-unused-vars
17:3  Warning: 'Trash2' is defined but never used.  
@typescript-eslint/no-unused-vars
37:9  Warning: 'session' is assigned a value but never 
used.  @typescript-eslint/no-unused-vars
122:47  Error: Unexpected any. Specify a different 
type.  @typescript-eslint/no-explicit-any
236:48  Error: Unexpected any. Specify a different 
type.  @typescript-eslint/no-explicit-any
281:44  Error: Unexpected any. Specify a different 
type.  @typescript-eslint/no-explicit-any

./src/app/dashboard/reports/annotations/page.tsx
3:20  Warning: 'and' is defined but never used.  
@typescript-eslint/no-unused-vars

./src/app/dashboard/reports/contacts-ppa/page.tsx
4:37  Warning: 'Search' is defined but never used.  
@typescript-eslint/no-unused-vars
85:71  Error: Unexpected any. Specify a different 
type.  @typescript-eslint/no-explicit-any

./src/app/dashboard/search/page.tsx
38:115  Error: `"` can be escaped with `&quot;`, 
`&ldquo;`, `&#34;`, `&rdquo;`.  
react/no-unescaped-entities
38:119  Error: `"` can be escaped with `&quot;`, 
`&ldquo;`, `&#34;`, `&rdquo;`.  
react/no-unescaped-entities

./src/app/login/page.tsx
32:14  Warning: 'err' is defined but never used.  
@typescript-eslint/no-unused-vars

./src/app/test-db/page.tsx
9:7  Error: Error: Avoid constructing JSX within 
try/catch

React does not immediately render components when JSX 
is rendered, so any errors from this component will 
not be caught by the try/catch. To catch errors in 
rendering a given component, wrap that component in an 
error boundary. (https://react.dev/reference/react/Comp
onent#catching-rendering-errors-with-an-error-boundary)
.

C:\Users\fabia\Downloads\private\next-app\src\app\test-
db\page.tsx:9:7
   7 |     const [result] = await db.select({ value: 
count() }).from(folders);
   8 |     return (
>  9 |       <div className="p-10">
     |       ^^^^^^^^^^^^^^^^^^^^^^
> 10 |         <h1 className="text-2xl font-bold 
text-green-600">Conexi├│n Exitosa</h1>
     | ^^^^^^^^^^^^^^^^^^^^^^^^^^^^^^^^^^^^^^^^^^^^^^^^
^^^^^^^^^^^^^^^^^^^^^^^^^^^^^^^
> 11 |         <p className="mt-4">Total de registros 
en `archivo_carpetas`: 
<strong>{result.value}</strong></p>
     | ^^^^^^^^^^^^^^^^^^^^^^^^^^^^^^^^^^^^^^^^^^^^^^^^
^^^^^^^^^^^^^^^^^^^^^^^^^^^^^^^
> 12 |         <p className="text-slate-500 text-sm 
mt-2">Conectado a srv439.hstgr.io</p>
     | ^^^^^^^^^^^^^^^^^^^^^^^^^^^^^^^^^^^^^^^^^^^^^^^^
^^^^^^^^^^^^^^^^^^^^^^^^^^^^^^^
> 13 |       </div>
     | ^^^^^^^^^^^^^ Avoid constructing JSX within 
try/catch
  14 |     );
  15 |   } catch (error) {
  16 |     return (  react-hooks/error-boundaries
10:9  Error: Error: Avoid constructing JSX within 
try/catch

React does not immediately render components when JSX 
is rendered, so any errors from this component will 
not be caught by the try/catch. To catch errors in 
rendering a given component, wrap that component in an 
error boundary. (https://react.dev/reference/react/Comp
onent#catching-rendering-errors-with-an-error-boundary)
.

C:\Users\fabia\Downloads\private\next-app\src\app\test-
db\page.tsx:10:9
   8 |     return (
   9 |       <div className="p-10">
> 10 |         <h1 className="text-2xl font-bold 
text-green-600">Conexi├│n Exitosa</h1>
     |         ^^^^^^^^^^^^^^^^^^^^^^^^^^^^^^^^^^^^^^^^
^^^^^^^^^^^^^^^^^^^^^^^^^^^^^^^ Avoid constructing JSX 
within try/catch
  11 |         <p className="mt-4">Total de registros 
en `archivo_carpetas`: 
<strong>{result.value}</strong></p>
  12 |         <p className="text-slate-500 text-sm 
mt-2">Conectado a srv439.hstgr.io</p>
  13 |       </div>  react-hooks/error-boundaries
11:9  Error: Error: Avoid constructing JSX within 
try/catch

React does not immediately render components when JSX 
is rendered, so any errors from this component will 
not be caught by the try/catch. To catch errors in 
rendering a given component, wrap that component in an 
error boundary. (https://react.dev/reference/react/Comp
onent#catching-rendering-errors-with-an-error-boundary)
.

C:\Users\fabia\Downloads\private\next-app\src\app\test-
db\page.tsx:11:9
   9 |       <div className="p-10">
  10 |         <h1 className="text-2xl font-bold 
text-green-600">Conexi├│n Exitosa</h1>
> 11 |         <p className="mt-4">Total de registros 
en `archivo_carpetas`: 
<strong>{result.value}</strong></p>
     |         ^^^^^^^^^^^^^^^^^^^^^^^^^^^^^^^^^^^^^^^^
^^^^^^^^^^^^^^^^^^^^^^^^^^^^^^^^^^^^^^^^^^^^^^^^^^^^^^^
^^ Avoid constructing JSX within try/catch
  12 |         <p className="text-slate-500 text-sm 
mt-2">Conectado a srv439.hstgr.io</p>
  13 |       </div>
  14 |     );  react-hooks/error-boundaries
11:71  Error: Error: Avoid constructing JSX within 
try/catch

React does not immediately render components when JSX 
is rendered, so any errors from this component will 
not be caught by the try/catch. To catch errors in 
rendering a given component, wrap that component in an 
error boundary. (https://react.dev/reference/react/Comp
onent#catching-rendering-errors-with-an-error-boundary)
.

C:\Users\fabia\Downloads\private\next-app\src\app\test-
db\page.tsx:11:71
   9 |       <div className="p-10">
  10 |         <h1 className="text-2xl font-bold 
text-green-600">Conexi├│n Exitosa</h1>
> 11 |         <p className="mt-4">Total de registros 
en `archivo_carpetas`: 
<strong>{result.value}</strong></p>
     |                                                 
                      ^^^^^^^^^^^^^^^^^^^^^^^^^^^^^^^ 
Avoid constructing JSX within try/catch
  12 |         <p className="text-slate-500 text-sm 
mt-2">Conectado a srv439.hstgr.io</p>
  13 |       </div>
  14 |     );  react-hooks/error-boundaries
12:9  Error: Error: Avoid constructing JSX within 
try/catch

React does not immediately render components when JSX 
is rendered, so any errors from this component will 
not be caught by the try/catch. To catch errors in 
rendering a given component, wrap that component in an 
error boundary. (https://react.dev/reference/react/Comp
onent#catching-rendering-errors-with-an-error-boundary)
.

C:\Users\fabia\Downloads\private\next-app\src\app\test-
db\page.tsx:12:9
  10 |         <h1 className="text-2xl font-bold 
text-green-600">Conexi├│n Exitosa</h1>
  11 |         <p className="mt-4">Total de registros 
en `archivo_carpetas`: 
<strong>{result.value}</strong></p>
> 12 |         <p className="text-slate-500 text-sm 
mt-2">Conectado a srv439.hstgr.io</p>
     |         ^^^^^^^^^^^^^^^^^^^^^^^^^^^^^^^^^^^^^^^^
^^^^^^^^^^^^^^^^^^^^^^^^^^^^^^^^^^ Avoid constructing 
JSX within try/catch
  13 |       </div>
  14 |     );
  15 |   } catch (error) {  
react-hooks/error-boundaries

./src/auth.config.ts
8:31  Error: Unexpected any. Specify a different type. 
 @typescript-eslint/no-explicit-any
14:26  Error: Unexpected any. Specify a different 
type.  @typescript-eslint/no-explicit-any

./src/components/pensioners/family-group.tsx
4:10  Warning: 'Users' is defined but never used.  
@typescript-eslint/no-unused-vars
7:98  Error: Unexpected any. Specify a different type. 
 @typescript-eslint/no-explicit-any
8:19  Warning: 'setMembers' is assigned a value but 
never used.  @typescript-eslint/no-unused-vars

./src/lib/actions/clients.ts
115:19  Error: Unexpected any. Specify a different 
type.  @typescript-eslint/no-explicit-any

./src/lib/actions/files.ts
4:10  Warning: 'annotations' is defined but never 
used.  @typescript-eslint/no-unused-vars

./src/lib/actions/lawyers.ts
56:19  Error: Unexpected any. Specify a different 
type.  @typescript-eslint/no-explicit-any

./src/lib/actions/pensioner.ts
86:50  Error: Unexpected any. Specify a different 
type.  @typescript-eslint/no-explicit-any
176:19  Error: Unexpected any. Specify a different 
type.  @typescript-eslint/no-explicit-any

./src/lib/actions/processes.ts
93:19  Error: Unexpected any. Specify a different 
type.  @typescript-eslint/no-explicit-any
156:19  Error: Unexpected any. Specify a different 
type.  @typescript-eslint/no-explicit-any
189:19  Error: Unexpected any. Specify a different 
type.  @typescript-eslint/no-explicit-any

./src/lib/actions/reports.ts
5:20  Warning: 'and' is defined but never used.  
@typescript-eslint/no-unused-vars
10:22  Error: Unexpected any. Specify a different 
type.  @typescript-eslint/no-explicit-any

./src/lib/data/clients.ts
36:47  Error: Unexpected any. Specify a different 
type.  @typescript-eslint/no-explicit-any
36:97  Error: Unexpected any. Specify a different 
type.  @typescript-eslint/no-explicit-any

./src/lib/data/processes.ts
2:52  Warning: 'lawyers' is defined but never used.  
@typescript-eslint/no-unused-vars

./src/lib/redis.ts
27:52  Error: Unexpected any. Specify a different 
type.  @typescript-eslint/no-explicit-any

./src/lib/utils/pension-logic.ts
36:7  Error: 'd1' is never reassigned. Use 'const' 
instead.  prefer-const
37:7  Error: 'm1' is never reassigned. Use 'const' 
instead.  prefer-const
38:7  Error: 'y1' is never reassigned. Use 'const' 
instead.  prefer-const
40:7  Error: 'd2' is never reassigned. Use 'const' 
instead.  prefer-const
41:7  Error: 'm2' is never reassigned. Use 'const' 
instead.  prefer-const
42:7  Error: 'y2' is never reassigned. Use 'const' 
instead.  prefer-const

info  - Need to disable some ESLint rules? Learn more 
here: https://nextjs.org/docs/app/api-reference/config/
eslint#disabling-rules
